Gathering info...              0/280 0 %
[1A[JGathering info...              0/280 0 %
[1A[JGathering info...              0/280 0 %
[1A[JGathering info...              0/280 0 %
[1A[JGathering info...              0/280 0 %
[1A[JGathering info...              0/280 0 %
[1A[JGathering info...              0/280 0 %
[1A[JGathering info...              0/280 0 %
[1A[JGathering info...              0/280 0 %
[1A[JGathering info...              0/280 0 %
[1A[JGathering info...              0/280 0 %
[1A[JGathering info...              0/280 0 %
[1A[JGathering info...              0/280 0 %
[1A[JGathering info...              0/280 0 %
[1A[JGathering info...              0/280 0 %
[1A[JGathering info...              0/280 0 %
[1A[JGathering info...              0/280 0 %
[1A[JGathering info...              0/280 0 %
[1A[JGathering info...              0/280 0 %
[1A[JGathering info...              0/280 0 %
[1A[JGathering info...              0/280 0 %
[1A[JGathering info...              0/280 0 %
[1A[JGathering info...              0/280 0 %
[1A[JDownloading 第76话               0/280 …
[1A[JDownloading 第76话               0/280 …
[1A[JDownloading 第76话               0/280 …
[1A[JDownloading 第76话               0/280 …
[1A[JDownloading 第76话               0/280 …
[1A[JDownloading 第76话               0/280 …
[1A[JDownloading 第76话               0/280 …
[1A[JDownloading 第76话               0/280 …
[1A[JDownloading 第76话               1/280 …
[1A[JDownloading 第76话               2/280 …
[1A[JDownloading 第76话               2/280 …
[1A[JDownloading 第76话               2/280 …
[1A[JDownloading 第76话               4/280 …
[1A[JDownloading 第76话               11/280…
[1A[JDownloading 第76话               11/280…
[1A[JDownloading 第76话               12/280…
[1A[JDownloading 第76话               14/280…
[1A[JDownloading 第76话               15/280…
[1A[JDownloading 第76话               16/280…
[1A[JDownloading 第76话               16/280…
[1A[JDownloading 第76话               17/280…
[1A[JDownloading 第76话               17/280…
[1A[JDownloading 第76话               19/280…
[1A[JDownloading 第76话               19/280…
[1A[JDownloading 第76话               20/280…
[1A[JDownloading 第76话               20/280…
[1A[JDownloading 第76话               21/280…
[1A[JDownloading 第76话               24/280…
[1A[JDownloading 第76话               26/280…
[1A[JDownloading 第76话               27/280…
[1A[JDownloading 第76话               28/280…
[1A[JDownloading 第76话               30/280…
[1A[JDownloading 第76话               31/280…
[1A[JDownloading 第76话               31/280…
[1A[JDownloading 第76话               32/280…
[1A[JDownloading 第76话               33/280…
[1A[JDownloading 第76话               33/280…
[1A[JDownloading 第76话               33/280…
[1A[JDownloading 第76话               34/280…
[1A[JDownloading 第76话               35/280…
[1A[JDownloading 第76话               35/280…
[1A[JDownloading 第76话               37/280…
[1A[JDownloading 第76话               38/280…
[1A[JDownloading 第76话               41/280…
[1A[JDownloading 第76话               42/280…
[1A[JDownloading 第76话               42/280…
[1A[JDownloading 第76话               43/280…
[1A[JDownloading 第76话               48/280…
[1A[JDownloading 第76话               48/280…
[1A[JDownloading 第76话               49/280…
[1A[JDownloading 第76话               50/280…
[1A[JDownloading 第76话               51/280…
[1A[JDownloading 第76话               52/280…
[1A[JDownloading 第76话               53/280…
[1A[JDownloading 第76话               54/280…
[1A[JDownloading 第76话               54/280…
[1A[JDownloading 第76话               55/280…
[1A[JDownloading 第76话               55/280…
[1A[JDownloading 第76话               56/280…
[1A[JDownloading 第76话               56/280…
[1A[JDownloading 第76话               61/280…
[1A[JDownloading 第76话               61/280…
[1A[JDownloading 第76话               61/280…
[1A[JDownloading 第76话               63/280…
[1A[JDownloading 第76话               63/280…
[1A[JDownloading 第76话               63/280…
[1A[JDownloading 第76话               64/280…
[1A[JDownloading 第76话               64/280…
[1A[JDownloading 第76话               66/280…
[1A[JDownloading 第76话               67/280…
- error downloading page 32: empty response body
[1A[JDownloading 第76话               69/280…
[1A[JDownloading 第76话               71/280…
[1A[JDownloading 第76话               72/280…
[1A[JDownloading 第76话               73/280…
[1A[JDownloading 第76话               74/280…
[1A[JDownloading 第76话               74/280…
[1A[JDownloading 第76话               76/280…
[1A[JDownloading 第76话               77/280…
[1A[JDownloading 第76话               77/280…
[1A[JDownloading 第76话               78/280…
[1A[JDownloading 第76话               78/280…
[1A[JDownloading 第76话               78/280…
- error downloading page 40: empty response body
[1A[JDownloading 第76话               78/280…
[1A[JDownloading 第76话               79/280…
[1A[JDownloading 第76话               80/280…
[1A[JDownloading 第76话               83/280…
[1A[JDownloading 第76话               86/280…
[1A[JDownloading 第76话               88/280…
[1A[JDownloading 第76话               90/280…
[1A[JDownloading 第76话               90/280…
[1A[JDownloading 第76话               91/280…
[1A[JDownloading 第76话               92/280…
[1A[JDownloading 第76话               93/280…
[1A[JDownloading 第76话               94/280…
[1A[JDownloading 第76话               94/280…
[1A[JDownloading 第76话               94/280…
[1A[JDownloading 第76话               94/280…
[1A[JDownloading 第76话               94/280…
[1A[JDownloading 第76话               98/280…
[1A[JDownloading 第76话               98/280…
[1A[JDownloading 第76话               98/280…
[1A[JDownloading 第76话               100/280
[1A[JDownloading 第76话               100/280
[1A[JDownloading 第76话               100/280
[1A[JDownloading 第76话               103/280
[1A[JDownloading 第76话               103/280
[1A[JDownloading 第76话               105/280
[1A[JDownloading 第76话               106/280
[1A[JDownloading 第76话               107/280
[1A[JDownloading 第76话               107/280
[1A[JDownloading 第76话               110/280
[1A[JDownloading 第76话               111/280
[1A[JDownloading 第76话               112/280
[1A[JDownloading 第76话               114/280
[1A[JDownloading 第76话               114/280
[1A[JDownloading 第76话               114/280
[1A[JDownloading 第76话               114/280
- error downloading chapter 第76话: page 40: empty response body
[1A[JDownloading 第76话               116/280
- error downloading chapter 第85话: page 32: empty response body
[1A[JCreating bundle for chapters 76,85 117/…
[1A[JCreating bundle for chapters 76,85 117/…
[1A[JCreating bundle for chapters 76,85 117/…
[1A[JCreating bundle for chapters 76,85 117/…
- error saving file 只活今天的轮回骑士 76,85 - bundle.cbz: no files to pack
